Disassembling top-level module in ./known-broken-tests/decorator_test.txt
  3       0 LOAD_NAME            @[43m[30mname.se[39m[49mtter
          3 LOAD_ATTR            @[43m[30mname.se[39m[49mtter
          6 LOAD_CONST           @[43m[30mname.se[39m[49mtter
          9 MAKE_FUNCTION        @[43m[30mname.se[39m[49mtter
         12 CALL_FUNCTION        @[43m[30mname.se[39m[49mtter
         15 STORE_NAME           @[43m[30mname.se[39m[49mtter

  8      18 LOAD_NAME            @[43m[30mfieldna[39m[49mmes.setter
         21 LOAD_ATTR            @[43m[30mfieldna[39m[49mmes.setter
         24 LOAD_CONST           @[43m[30mfieldna[39m[49mmes.setter
         27 MAKE_FUNCTION        @[43m[30mfieldna[39m[49mmes.setter
         30 CALL_FUNCTION        @[43m[30mfieldna[39m[49mmes.setter
         33 STORE_NAME           @[43m[30mfieldna[39m[49mmes.setter
         36 LOAD_CONST           @[43m[30mfieldna[39m[49mmes.setter
         39 RETURN_VALUE         @[43m[30mfieldna[39m[49mmes.setter

Disassembling function name
  5       0 LOAD_CONST               [43m[30mpass[39m[49m
          3 RETURN_VALUE             [43m[30mpass[39m[49m

Disassembling function fieldnames
 10       0 LOAD_FAST                self._fieldnames = [43m[30mvalue[39m[49m
          3 LOAD_FAST                [43m[30mself[39m[49m._fieldnames = value
          6 STORE_ATTR               [43m[30mself._fieldnames[39m[49m = value
          9 LOAD_CONST               [43m[30mself._fieldnames[39m[49m = value
         12 RETURN_VALUE             [43m[30mself._fieldnames[39m[49m = value
