Disassembling top-level module in ./known-broken-tests/double_call.txt
  1       0 LOAD_NAME            x =  [[43m[30mf[39m[49m(xs[0])] + list(map(f, xs[1:]))
          3 LOAD_NAME            x =  [f([43m[30mxs[39m[49m[0])] + list(map(f, xs[1:]))
          6 LOAD_CONST           x =  [f(xs[[43m[30m0[39m[49m])] + list(map(f, xs[1:]))
          9 BINARY_SUBSCR        x =  [f([43m[30mxs[0][39m[49m)] + list(map(f, xs[1:]))
         10 CALL_FUNCTION        x =  [[43m[30mf(xs[0])[39m[49m] + list(map(f, xs[1:]))
         13 BUILD_LIST           x =  [[43m[30mf(xs[0])[39m[49m] + list(map(f, xs[1:]))
         16 LOAD_NAME            x =  [f(xs[0])] + [43m[30mlist[39m[49m(map(f, xs[1:]))
         19 LOAD_NAME            x =  [f(xs[0])] + list([43m[30mmap[39m[49m(f, xs[1:]))
         22 LOAD_NAME            x =  [f(xs[0])] + list(map([43m[30mf[39m[49m, xs[1:]))
         25 LOAD_NAME            x =  [f(xs[0])] + list(map(f, [43m[30mxs[39m[49m[1:]))
         28 LOAD_CONST           x =  [f(xs[0])] + list(map(f, xs[[43m[30m1[39m[49m:]))
         31 SLICE+1              x =  [f(xs[0])] + list(map(f, xs[[43m[30m1:[39m[49m]))
         32 CALL_FUNCTION        x =  [f(xs[0])] + list([43m[30mmap(f, xs[1:])[39m[49m)
         35 CALL_FUNCTION        x =  [f(xs[0])] + [43m[30mlist(map(f, xs[1:]))[39m[49m
         38 BINARY_ADD           x =  [43m[30m[f(xs[0])] + list(map(f, xs[1:]))[39m[49m
         39 STORE_NAME           [43m[30mx[39m[49m =  [f(xs[0])] + list(map(f, xs[1:]))
         42 LOAD_CONST           [43m[30mx[39m[49m =  [f(xs[0])] + list(map(f, xs[1:]))
         45 RETURN_VALUE         [43m[30mx[39m[49m =  [f(xs[0])] + list(map(f, xs[1:]))
