Disassembling top-level module in ./known-broken-tests/slice_test_extended.txt
  1       0 LOAD_NAME            [43m[30marr[39m[49m[one,...,two,...]
          3 LOAD_NAME            arr[[43m[30mone[39m[49m,...,two,...]
          6 LOAD_CONST           arr[[43m[30mone[39m[49m,...,two,...]
          9 LOAD_NAME            arr[one,...,[43m[30mtwo[39m[49m,...]
         12 LOAD_CONST           arr[one,...,[43m[30mtwo[39m[49m,...]
         15 BUILD_TUPLE          arr[one,...,[43m[30mtwo[39m[49m,...]
         18 BINARY_SUBSCR        arr[one,...,[43m[30mtwo[39m[49m,...]
         19 POP_TOP              arr[one,...,[43m[30mtwo[39m[49m,...]
         20 LOAD_CONST           arr[one,...,[43m[30mtwo[39m[49m,...]
         23 RETURN_VALUE         arr[one,...,[43m[30mtwo[39m[49m,...]
