Disassembling top-level module in ./mini-tests/build-set.txt
  1       0 LOAD_NAME            w = [43m[30mset[39m[49m(["joe", 5 + 6, "mindy" + "jack" * 2])
          3 LOAD_CONST           w = set([[43m[30m"joe"[39m[49m, 5 + 6, "mindy" + "jack" * 2])
          6 LOAD_CONST           w = set(["joe", [43m[30m5[39m[49m + 6, "mindy" + "jack" * 2])
          9 LOAD_CONST           w = set(["joe", 5 + [43m[30m6[39m[49m, "mindy" + "jack" * 2])
         12 BINARY_ADD           w = set(["joe", [43m[30m5 + 6[39m[49m, "mindy" + "jack" * 2])
         13 LOAD_CONST           w = set(["joe", 5 + 6, [43m[30m"mindy"[39m[49m + "jack" * 2])
         16 LOAD_CONST           w = set(["joe", 5 + 6, "mindy" + [43m[30m"jack"[39m[49m * 2])
         19 LOAD_CONST           w = set(["joe", 5 + 6, "mindy" + "jack" * [43m[30m2[39m[49m])
         22 BINARY_MULTIPLY      w = set(["joe", 5 + 6, "mindy" + [43m[30m"jack" * 2[39m[49m])
         23 BINARY_ADD           w = set(["joe", 5 + 6, [43m[30m"mindy" + "jack" * 2[39m[49m])
         24 BUILD_LIST           w = set(["joe", 5 + 6, [43m[30m"mindy" + "jack" * 2[39m[49m])
         27 CALL_FUNCTION        w = set(["joe", 5 + 6, [43m[30m"mindy" + "jack" * 2[39m[49m])
         30 STORE_NAME           [43m[30mw[39m[49m = set(["joe", 5 + 6, "mindy" + "jack" * 2])
         33 LOAD_CONST           [43m[30mw[39m[49m = set(["joe", 5 + 6, "mindy" + "jack" * 2])
         36 RETURN_VALUE         [43m[30mw[39m[49m = set(["joe", 5 + 6, "mindy" + "jack" * 2])
