Disassembling top-level module in ./mini-tests/if.txt
  1       0 LOAD_NAME            if [43m[30mfoo[39m[49m() and (x + y > 7):
          3 CALL_FUNCTION        if [43m[30mfoo()[39m[49m and (x + y > 7):
          6 JUMP_IF_FALSE_OR_POP if [43m[30mfoo()[39m[49m and (x + y > 7):
          9 LOAD_NAME            if foo() and ([43m[30mx[39m[49m + y > 7):
         12 LOAD_NAME            if foo() and (x + [43m[30my[39m[49m > 7):
         15 BINARY_ADD           if foo() and ([43m[30mx + y[39m[49m > 7):
         16 LOAD_CONST           if foo() and (x + y > [43m[30m7[39m[49m):
         19 COMPARE_OP           if foo() and ([43m[30mx + y > 7[39m[49m):
    >>   22 POP_JUMP_IF_FALSE    if foo() and ([43m[30mx + y > 7[39m[49m):

  2      25 LOAD_CONST             print [43m[30m'YES!'[39m[49m
         28 PRINT_ITEM             print [43m[30m'YES!'[39m[49m
         29 PRINT_NEWLINE          print [43m[30m'YES!'[39m[49m
         30 JUMP_FORWARD           print [43m[30m'YES!'[39m[49m
    >>   33 LOAD_CONST             print [43m[30m'YES!'[39m[49m
         36 RETURN_VALUE           print [43m[30m'YES!'[39m[49m
