Disassembling top-level module in ./opt-v3-tests/breakpoints.txt
  3       0 LOAD_CONST           x = [[43m[30m1[39m[49m, 2, 3]
          3 LOAD_CONST           x = [1, [43m[30m2[39m[49m, 3]
          6 LOAD_CONST           x = [1, 2, [43m[30m3[39m[49m]
          9 BUILD_LIST           x = [43m[30m[1, 2, 3][39m[49m
         12 STORE_NAME           [43m[30mx[39m[49m = [1, 2, 3]

  4      15 LOAD_CONST           y = [[43m[30m4[39m[49m, 5, 6]
         18 LOAD_CONST           y = [4, [43m[30m5[39m[49m, 6]
         21 LOAD_CONST           y = [4, 5, [43m[30m6[39m[49m]
         24 BUILD_LIST           y = [43m[30m[4, 5, 6][39m[49m
         27 STORE_NAME           [43m[30my[39m[49m = [4, 5, 6]

  5      30 LOAD_NAME            z = [43m[30my[39m[49m
         33 STORE_NAME           [43m[30mz[39m[49m = y

  6      36 LOAD_NAME            y = [43m[30mx[39m[49m
         39 STORE_NAME           [43m[30my[39m[49m = x

  7      42 LOAD_NAME            x = [43m[30mz[39m[49m
         45 STORE_NAME           [43m[30mx[39m[49m = z

  9      48 LOAD_CONST           x = [[43m[30m1[39m[49m, 2, 3] # a different [1, 2, 3] list!
         51 LOAD_CONST           x = [1, [43m[30m2[39m[49m, 3] # a different [1, 2, 3] list!
         54 LOAD_CONST           x = [1, 2, [43m[30m3[39m[49m] # a different [1, 2, 3] list!
         57 BUILD_LIST           x = [43m[30m[1, 2, 3][39m[49m # a different [1, 2, 3] list!
         60 STORE_NAME           [43m[30mx[39m[49m = [1, 2, 3] # a different [1, 2, 3] list!

 10      63 LOAD_NAME            y = [43m[30mx[39m[49m
         66 STORE_NAME           [43m[30my[39m[49m = x

 11      69 LOAD_NAME            [43m[30mx[39m[49m.append(4) #break
         72 LOAD_ATTR            [43m[30mx.append[39m[49m(4) #break
         75 LOAD_CONST           x.append([43m[30m4[39m[49m) #break
         78 CALL_FUNCTION        [43m[30mx.append(4)[39m[49m #break
         81 POP_TOP              [43m[30mx.append(4)[39m[49m #break

 12      82 LOAD_NAME            [43m[30my[39m[49m.append(5)
         85 LOAD_ATTR            [43m[30my.append[39m[49m(5)
         88 LOAD_CONST           y.append([43m[30m5[39m[49m)
         91 CALL_FUNCTION        [43m[30my.append(5)[39m[49m
         94 POP_TOP              [43m[30my.append(5)[39m[49m

 13      95 LOAD_CONST           z = [[43m[30m1[39m[49m, 2, 3, 4, 5] # a different list!  #break
         98 LOAD_CONST           z = [1, [43m[30m2[39m[49m, 3, 4, 5] # a different list!  #break
        101 LOAD_CONST           z = [1, 2, [43m[30m3[39m[49m, 4, 5] # a different list!  #break
        104 LOAD_CONST           z = [1, 2, 3, [43m[30m4[39m[49m, 5] # a different list!  #break
        107 LOAD_CONST           z = [1, 2, 3, 4, [43m[30m5[39m[49m] # a different list!  #break
        110 BUILD_LIST           z = [43m[30m[1, 2, 3, 4, 5][39m[49m # a different list!  #break
        113 STORE_NAME           [43m[30mz[39m[49m = [1, 2, 3, 4, 5] # a different list!  #break

 14     116 LOAD_NAME            [43m[30mx[39m[49m.append(6)
        119 LOAD_ATTR            [43m[30mx.append[39m[49m(6)
        122 LOAD_CONST           x.append([43m[30m6[39m[49m)
        125 CALL_FUNCTION        [43m[30mx.append(6)[39m[49m
        128 POP_TOP              [43m[30mx.append(6)[39m[49m

 15     129 LOAD_NAME            [43m[30my[39m[49m.append(7)
        132 LOAD_ATTR            [43m[30my.append[39m[49m(7)
        135 LOAD_CONST           y.append([43m[30m7[39m[49m)
        138 CALL_FUNCTION        [43m[30my.append(7)[39m[49m
        141 POP_TOP              [43m[30my.append(7)[39m[49m

 16     142 LOAD_CONST           y = [43m[30m"hello"[39m[49m #break
        145 STORE_NAME           [43m[30my[39m[49m = "hello" #break

 19     148 LOAD_CONST           [43m[30mdef[39m[49m foo(lst): #break
        151 MAKE_FUNCTION        [43m[30mdef[39m[49m foo(lst): #break
        154 STORE_NAME           [43m[30mdef[39m[49m foo(lst): #break

 23     157 LOAD_CONST           [43m[30mdef[39m[49m bar(myLst):
        160 MAKE_FUNCTION        [43m[30mdef[39m[49m bar(myLst):
        163 STORE_NAME           [43m[30mdef[39m[49m bar(myLst):

 26     166 LOAD_NAME            [43m[30mfoo[39m[49m(x)
        169 LOAD_NAME            foo([43m[30mx[39m[49m)
        172 CALL_FUNCTION        [43m[30mfoo(x)[39m[49m
        175 POP_TOP              [43m[30mfoo(x)[39m[49m

 27     176 LOAD_NAME            [43m[30mfoo[39m[49m(z)
        179 LOAD_NAME            foo([43m[30mz[39m[49m)
        182 CALL_FUNCTION        [43m[30mfoo(z)[39m[49m
        185 POP_TOP              [43m[30mfoo(z)[39m[49m
        186 LOAD_CONST           [43m[30mfoo(z)[39m[49m
        189 RETURN_VALUE         [43m[30mfoo(z)[39m[49m

Disassembling function foo
 20       0 LOAD_FAST                [43m[30mlst[39m[49m.append("hello") #break
          3 LOAD_ATTR                [43m[30mlst.append[39m[49m("hello") #break
          6 LOAD_CONST               lst.append([43m[30m"hello"[39m[49m) #break
          9 CALL_FUNCTION            [43m[30mlst.append("hello")[39m[49m #break
         12 POP_TOP                  [43m[30mlst.append("hello")[39m[49m #break

 21      13 LOAD_GLOBAL              [43m[30mbar[39m[49m(lst)
         16 LOAD_FAST                bar([43m[30mlst[39m[49m)
         19 CALL_FUNCTION            [43m[30mbar(lst)[39m[49m
         22 POP_TOP                  [43m[30mbar(lst)[39m[49m
         23 LOAD_CONST               [43m[30mbar(lst)[39m[49m
         26 RETURN_VALUE             [43m[30mbar(lst)[39m[49m

Disassembling function bar
 24       0 LOAD_FAST                print([43m[30mmyLst[39m[49m) #break
          3 PRINT_ITEM               print([43m[30mmyLst[39m[49m) #break
          4 PRINT_NEWLINE            print([43m[30mmyLst[39m[49m) #break
          5 LOAD_CONST               print([43m[30mmyLst[39m[49m) #break
          8 RETURN_VALUE             print([43m[30mmyLst[39m[49m) #break
