Disassembling top-level module in ./opt-v3-tests/circ_ref_fake.txt
  3       0 LOAD_CONST           a = [[43m[30m10[39m[49m, 20, 30]
          3 LOAD_CONST           a = [10, [43m[30m20[39m[49m, 30]
          6 LOAD_CONST           a = [10, 20, [43m[30m30[39m[49m]
          9 BUILD_LIST           a = [10, 20, [43m[30m30[39m[49m]
         12 STORE_NAME           [43m[30ma[39m[49m = [10, 20, 30]

  4      15 LOAD_NAME            b = [43m[30ma[39m[49m
         18 STORE_NAME           [43m[30mb[39m[49m = a

  5      21 LOAD_CONST           c = [[43m[30m10[39m[49m, 20, 30]
         24 LOAD_CONST           c = [10, [43m[30m20[39m[49m, 30]
         27 LOAD_CONST           c = [10, 20, [43m[30m30[39m[49m]
         30 BUILD_LIST           c = [10, 20, [43m[30m30[39m[49m]
         33 STORE_NAME           [43m[30mc[39m[49m = [10, 20, 30]

  6      36 LOAD_NAME            d = ([43m[30ma[39m[49m, b, c)
         39 LOAD_NAME            d = (a, [43m[30mb[39m[49m, c)
         42 LOAD_NAME            d = (a, b, [43m[30mc[39m[49m)
         45 BUILD_TUPLE          d = (a, b, [43m[30mc[39m[49m)
         48 STORE_NAME           [43m[30md[39m[49m = (a, b, c)
         51 LOAD_CONST           [43m[30md[39m[49m = (a, b, c)
         54 RETURN_VALUE         [43m[30md[39m[49m = (a, b, c)
