Disassembling top-level module in ./opt-v3-tests/class_test_3.txt
  1       0 LOAD_CONST           [43m[30mclass[39m[49m Staff601:
          3 BUILD_TUPLE          [43m[30mclass[39m[49m Staff601:
          6 LOAD_CONST           [43m[30mclass[39m[49m Staff601:
          9 MAKE_FUNCTION        [43m[30mclass[39m[49m Staff601:
         12 CALL_FUNCTION        [43m[30mclass[39m[49m Staff601:
         15 BUILD_CLASS          [43m[30mclass[39m[49m Staff601:
         16 STORE_NAME           [43m[30mclass[39m[49m Staff601:

  6      19 LOAD_NAME            pat = [43m[30mStaff601[39m[49m()
         22 CALL_FUNCTION        pat = [43m[30mStaff601()[39m[49m
         25 STORE_NAME           [43m[30mpat[39m[49m = Staff601()

  7      28 LOAD_NAME            print([43m[30mpat[39m[49m.course)
         31 LOAD_ATTR            print([43m[30mpat.course[39m[49m)
         34 PRINT_ITEM           print([43m[30mpat.course[39m[49m)
         35 PRINT_NEWLINE        print([43m[30mpat.course[39m[49m)

  9      36 LOAD_CONST           pat.name = [43m[30m'Pat'[39m[49m
         39 LOAD_NAME            [43m[30mpat[39m[49m.name = 'Pat'
         42 STORE_ATTR           [43m[30mpat.name[39m[49m = 'Pat'

 10      45 LOAD_CONST           pat.age = [43m[30m60[39m[49m
         48 LOAD_NAME            [43m[30mpat[39m[49m.age = 60
         51 STORE_ATTR           [43m[30mpat.age[39m[49m = 60

 11      54 LOAD_CONST           pat.role = [43m[30m'Professor'[39m[49m
         57 LOAD_NAME            [43m[30mpat[39m[49m.role = 'Professor'
         60 STORE_ATTR           [43m[30mpat.role[39m[49m = 'Professor'

 13      63 LOAD_NAME            print([43m[30mpat[39m[49m.building)
         66 LOAD_ATTR            print([43m[30mpat.building[39m[49m)
         69 PRINT_ITEM           print([43m[30mpat.building[39m[49m)
         70 PRINT_NEWLINE        print([43m[30mpat.building[39m[49m)

 14      71 LOAD_CONST           pat.building = [43m[30m32[39m[49m
         74 LOAD_NAME            [43m[30mpat[39m[49m.building = 32
         77 STORE_ATTR           [43m[30mpat.building[39m[49m = 32

 15      80 LOAD_NAME            print([43m[30mpat[39m[49m.building)
         83 LOAD_ATTR            print([43m[30mpat.building[39m[49m)
         86 PRINT_ITEM           print([43m[30mpat.building[39m[49m)
         87 PRINT_NEWLINE        print([43m[30mpat.building[39m[49m)
         88 LOAD_CONST           print([43m[30mpat.building[39m[49m)
         91 RETURN_VALUE         print([43m[30mpat.building[39m[49m)

Disassembling function Staff601
  1       0 LOAD_NAME            [43m[30mclass[39m[49m Staff601:
WARNING! (1, 0, 0) already in bytecode_map
          3 STORE_NAME           [43m[30mclass[39m[49m Staff601:
WARNING! (1, 0, 3) already in bytecode_map

  2       6 LOAD_CONST               course = [43m[30m'6.01'[39m[49m
          9 STORE_NAME               [43m[30mcourse[39m[49m = '6.01'

  3      12 LOAD_CONST               building = [43m[30m34[39m[49m
         15 STORE_NAME               [43m[30mbuilding[39m[49m = 34

  4      18 LOAD_CONST               room = [43m[30m501[39m[49m
         21 STORE_NAME               [43m[30mroom[39m[49m = 501
         24 LOAD_LOCALS              [43m[30mroom[39m[49m = 501
         25 RETURN_VALUE             [43m[30mroom[39m[49m = 501
