Disassembling top-level module in ./opt-v3-tests/class_test.txt
  1       0 LOAD_CONST           [43m[30mclass[39m[49m Point:
          3 BUILD_TUPLE          [43m[30mclass[39m[49m Point:
          6 LOAD_CONST           [43m[30mclass[39m[49m Point:
          9 MAKE_FUNCTION        [43m[30mclass[39m[49m Point:
         12 CALL_FUNCTION        [43m[30mclass[39m[49m Point:
         15 BUILD_CLASS          [43m[30mclass[39m[49m Point:
         16 STORE_NAME           [43m[30mclass[39m[49m Point:

  9      19 LOAD_NAME            p = [43m[30mPoint[39m[49m(1, 2)
         22 LOAD_CONST           p = Point([43m[30m1[39m[49m, 2)
         25 LOAD_CONST           p = Point(1, [43m[30m2[39m[49m)
         28 CALL_FUNCTION        p = [43m[30mPoint(1, 2)[39m[49m
         31 STORE_NAME           [43m[30mp[39m[49m = Point(1, 2)

 10      34 LOAD_NAME            print([43m[30mp[39m[49m)
         37 PRINT_ITEM           print([43m[30mp[39m[49m)
         38 PRINT_NEWLINE        print([43m[30mp[39m[49m)

 11      39 LOAD_NAME            p2 = [43m[30mPoint[39m[49m(3, -4)
         42 LOAD_CONST           p2 = Point([43m[30m3[39m[49m, -4)
         45 LOAD_CONST           p2 = Point(3, [43m[30m-4[39m[49m)
         48 CALL_FUNCTION        p2 = [43m[30mPoint(3, -4)[39m[49m
         51 STORE_NAME           [43m[30mp2[39m[49m = Point(3, -4)

 12      54 LOAD_NAME            print([43m[30mp2[39m[49m)
         57 PRINT_ITEM           print([43m[30mp2[39m[49m)
         58 PRINT_NEWLINE        print([43m[30mp2[39m[49m)
         59 LOAD_CONST           print([43m[30mp2[39m[49m)
         62 RETURN_VALUE         print([43m[30mp2[39m[49m)

Disassembling function Point
  1       0 LOAD_NAME            [43m[30mclass[39m[49m Point:
          3 STORE_NAME           [43m[30mclass[39m[49m Point:

  2       6 LOAD_CONST               [43m[30mdef[39m[49m __init__(self, x, y):
          9 MAKE_FUNCTION            [43m[30mdef[39m[49m __init__(self, x, y):
         12 STORE_NAME               [43m[30mdef[39m[49m __init__(self, x, y):

  6      15 LOAD_CONST               [43m[30mdef[39m[49m __str__(self):
         18 MAKE_FUNCTION            [43m[30mdef[39m[49m __str__(self):
         21 STORE_NAME               [43m[30mdef[39m[49m __str__(self):
         24 LOAD_LOCALS              [43m[30mdef[39m[49m __str__(self):
         25 RETURN_VALUE             [43m[30mdef[39m[49m __str__(self):

Disassembling function __str__
  7       0 LOAD_CONST                   return [43m[30m"(%d, %d)"[39m[49m % (self.x, self.y)
          3 LOAD_FAST                    return "(%d, %d)" % ([43m[30mself[39m[49m.x, self.y)
          6 LOAD_ATTR                    return "(%d, %d)" % ([43m[30mself.x[39m[49m, self.y)
          9 LOAD_FAST                    return "(%d, %d)" % (self.x, [43m[30mself[39m[49m.y)
         12 LOAD_ATTR                    return "(%d, %d)" % (self.x, [43m[30mself.y[39m[49m)
         15 BUILD_TUPLE                  return "(%d, %d)" % [43m[30m(self.x, self.y)[39m[49m
         18 BINARY_MODULO                return [43m[30m"(%d, %d)" % (self.x, self.y)[39m[49m
         19 RETURN_VALUE                 return [43m[30m"(%d, %d)" % (self.x, self.y)[39m[49m

Disassembling function __init__
  3       0 LOAD_FAST                    self.x = [43m[30mx[39m[49m
          3 LOAD_FAST                    [43m[30mself[39m[49m.x = x
          6 STORE_ATTR                   [43m[30mself.x[39m[49m = x

  4       9 LOAD_FAST                    self.y = [43m[30my[39m[49m
         12 LOAD_FAST                    [43m[30mself[39m[49m.y = y
         15 STORE_ATTR                   [43m[30mself.y[39m[49m = y
         18 LOAD_CONST                   [43m[30mself.y[39m[49m = y
         21 RETURN_VALUE                 [43m[30mself.y[39m[49m = y
