Disassembling top-level module in ./opt-v3-tests/dict_error.txt
  1       0 LOAD_CONST           [43m[30mdef[39m[49m foo():
          3 MAKE_FUNCTION        [43m[30mdef[39m[49m foo():
          6 STORE_NAME           [43m[30mdef[39m[49m foo():

  4       9 LOAD_NAME            [43m[30mfoo[39m[49m()
         12 CALL_FUNCTION        [43m[30mfoo[39m[49m()
         15 POP_TOP              [43m[30mfoo[39m[49m()
         16 LOAD_CONST           [43m[30mfoo[39m[49m()
         19 RETURN_VALUE         [43m[30mfoo[39m[49m()

Disassembling function foo
  2       0 LOAD_GLOBAL            local_y[('tup', 'le')] = [43m[30mset[39m[49m([1, 2, 3])
          3 LOAD_CONST             local_y[('tup', 'le')] = set([[43m[30m1[39m[49m, 2, 3])
          6 LOAD_CONST             local_y[('tup', 'le')] = set([1, [43m[30m2[39m[49m, 3])
          9 LOAD_CONST             local_y[('tup', 'le')] = set([1, 2, [43m[30m3[39m[49m])
         12 BUILD_LIST             local_y[('tup', 'le')] = set([1, 2, [43m[30m3[39m[49m])
         15 CALL_FUNCTION          local_y[('tup', 'le')] = set([1, 2, [43m[30m3[39m[49m])
         18 LOAD_GLOBAL            [43m[30mlocal_y[39m[49m[('tup', 'le')] = set([1, 2, 3])
         21 LOAD_CONST             local_y[([43m[30m'tup'[39m[49m, 'le')] = set([1, 2, 3])
         24 LOAD_CONST             local_y[('tup', [43m[30m'le'[39m[49m)] = set([1, 2, 3])
         27 BUILD_TUPLE            local_y[('tup', [43m[30m'le'[39m[49m)] = set([1, 2, 3])
         30 STORE_SUBSCR           local_y[('tup', [43m[30m'le'[39m[49m)] = set([1, 2, 3])
         31 LOAD_CONST             local_y[('tup', [43m[30m'le'[39m[49m)] = set([1, 2, 3])
         34 RETURN_VALUE           local_y[('tup', [43m[30m'le'[39m[49m)] = set([1, 2, 3])
