Disassembling top-level module in ./opt-v3-tests/func_exception.txt
  1       0 LOAD_CONST           [43m[30mdef[39m[49m g(x,y):
          3 MAKE_FUNCTION        [43m[30mdef[39m[49m g(x,y):
          6 STORE_NAME           [43m[30mdef[39m[49m g(x,y):

  6       9 LOAD_NAME            [43m[30mg[39m[49m(5, 0)
         12 LOAD_CONST           g([43m[30m5[39m[49m, 0)
         15 LOAD_CONST           g(5, [43m[30m0[39m[49m)
         18 CALL_FUNCTION        g(5, [43m[30m0[39m[49m)
         21 POP_TOP              g(5, [43m[30m0[39m[49m)
         22 LOAD_CONST           g(5, [43m[30m0[39m[49m)
         25 RETURN_VALUE         g(5, [43m[30m0[39m[49m)

Disassembling function g
  2       0 LOAD_CONST               print([43m[30m"In g"[39m[49m)
          3 PRINT_ITEM               print([43m[30m"In g"[39m[49m)
          4 PRINT_NEWLINE            print([43m[30m"In g"[39m[49m)

  3       5 LOAD_FAST                ans = [43m[30mx[39m[49m/y
          8 LOAD_FAST                ans = x/[43m[30my[39m[49m
         11 BINARY_DIVIDE            ans = [43m[30mx/y[39m[49m
         12 STORE_FAST               [43m[30mans[39m[49m = x/y

  4      15 LOAD_FAST                return [43m[30mans[39m[49m
         18 RETURN_VALUE             return [43m[30mans[39m[49m
