Disassembling top-level module in ./opt-v3-tests/generator_test.txt
  1       0 LOAD_CONST           x = ([43m[30me[39m[49m for e in range(10))
          3 MAKE_FUNCTION        x = ([43m[30me[39m[49m for e in range(10))
          6 LOAD_NAME            x = (e for e in [43m[30mrange[39m[49m(10))
          9 LOAD_CONST           x = (e for e in range([43m[30m10[39m[49m))
         12 CALL_FUNCTION        x = (e for e in [43m[30mrange(10)[39m[49m)
         15 GET_ITER             x = (e for e in [43m[30mrange(10)[39m[49m)
         16 CALL_FUNCTION        x = (e for e in [43m[30mrange(10)[39m[49m)
         19 STORE_NAME           [43m[30mx[39m[49m = (e for e in range(10))

  2      22 LOAD_NAME            y = [43m[30mx[39m[49m
         25 STORE_NAME           [43m[30my[39m[49m = x

  3      28 LOAD_CONST           z = ([43m[30me[39m[49m for e in range(10))
         31 MAKE_FUNCTION        z = ([43m[30me[39m[49m for e in range(10))
         34 LOAD_NAME            z = (e for e in [43m[30mrange[39m[49m(10))
         37 LOAD_CONST           z = (e for e in range([43m[30m10[39m[49m))
         40 CALL_FUNCTION        z = (e for e in [43m[30mrange(10)[39m[49m)
         43 GET_ITER             z = (e for e in [43m[30mrange(10)[39m[49m)
         44 CALL_FUNCTION        z = (e for e in [43m[30mrange(10)[39m[49m)
         47 STORE_NAME           [43m[30mz[39m[49m = (e for e in range(10))
         50 LOAD_CONST           [43m[30mz[39m[49m = (e for e in range(10))
         53 RETURN_VALUE         [43m[30mz[39m[49m = (e for e in range(10))

Disassembling function <genexpr>
  1       0 LOAD_FAST            [43m[30mx[39m[49m = (e for e in range(10))
    >>    3 FOR_ITER             [43m[30mx[39m[49m = (e for e in range(10))
          6 STORE_FAST           x = (e for [43m[30me[39m[49m in range(10))
          9 LOAD_FAST            x = ([43m[30me[39m[49m for e in range(10))
         12 YIELD_VALUE          x = ([43m[30me[39m[49m for e in range(10))
         13 POP_TOP              x = ([43m[30me[39m[49m for e in range(10))
         14 JUMP_ABSOLUTE        x = ([43m[30me[39m[49m for e in range(10))
    >>   17 LOAD_CONST           x = ([43m[30me[39m[49m for e in range(10))
         20 RETURN_VALUE         x = ([43m[30me[39m[49m for e in range(10))

Disassembling function <genexpr>
  3       0 LOAD_FAST            [43m[30mz[39m[49m = (e for e in range(10))
    >>    3 FOR_ITER             [43m[30mz[39m[49m = (e for e in range(10))
          6 STORE_FAST           z = (e for [43m[30me[39m[49m in range(10))
          9 LOAD_FAST            z = ([43m[30me[39m[49m for e in range(10))
         12 YIELD_VALUE          z = ([43m[30me[39m[49m for e in range(10))
         13 POP_TOP              z = ([43m[30me[39m[49m for e in range(10))
         14 JUMP_ABSOLUTE        z = ([43m[30me[39m[49m for e in range(10))
    >>   17 LOAD_CONST           z = ([43m[30me[39m[49m for e in range(10))
         20 RETURN_VALUE         z = ([43m[30me[39m[49m for e in range(10))
