Disassembling top-level module in ./opt-v3-tests/list-comp.txt
  1       0 LOAD_CONST           ppl = [[43m[30m'Alice'[39m[49m, 'Bob', 'Carol', 'Doug']
          3 LOAD_CONST           ppl = ['Alice', [43m[30m'Bob'[39m[49m, 'Carol', 'Doug']
          6 LOAD_CONST           ppl = ['Alice', 'Bob', [43m[30m'Carol'[39m[49m, 'Doug']
          9 LOAD_CONST           ppl = ['Alice', 'Bob', 'Carol', [43m[30m'Doug'[39m[49m]
         12 BUILD_LIST           ppl = [43m[30m['Alice', 'Bob', 'Carol', 'Doug'][39m[49m
         15 STORE_NAME           [43m[30mppl[39m[49m = ['Alice', 'Bob', 'Carol', 'Doug']

  2      18 BUILD_LIST           excited_ppl = [[43m[30me[39m[49m + '!!' for e in ppl]
         21 LOAD_NAME            excited_ppl = [e + '!!' for e in [43m[30mppl[39m[49m]
         24 GET_ITER             excited_ppl = [e + '!!' for e in [43m[30mppl[39m[49m]
    >>   25 FOR_ITER             excited_ppl = [e + '!!' for e in [43m[30mppl[39m[49m]
         28 STORE_NAME           excited_ppl = [e + '!!' for [43m[30me[39m[49m in ppl]
         31 LOAD_NAME            excited_ppl = [[43m[30me[39m[49m + '!!' for e in ppl]
         34 LOAD_CONST           excited_ppl = [e + [43m[30m'!!'[39m[49m for e in ppl]
         37 BINARY_ADD           excited_ppl = [[43m[30me + '!!'[39m[49m for e in ppl]
         38 LIST_APPEND          excited_ppl = [[43m[30me + '!!'[39m[49m for e in ppl]
         41 JUMP_ABSOLUTE        excited_ppl = [[43m[30me + '!!'[39m[49m for e in ppl]
    >>   44 STORE_NAME           [43m[30mexcited_ppl[39m[49m = [e + '!!' for e in ppl]

  3      47 BUILD_LIST           ppl_len = [[43m[30mlen[39m[49m(x) for x in ppl]
         50 LOAD_NAME            ppl_len = [len(x) for x in [43m[30mppl[39m[49m]
         53 GET_ITER             ppl_len = [len(x) for x in [43m[30mppl[39m[49m]
    >>   54 FOR_ITER             ppl_len = [len(x) for x in [43m[30mppl[39m[49m]
         57 STORE_NAME           ppl_len = [len(x) for [43m[30mx[39m[49m in ppl]
         60 LOAD_NAME            ppl_len = [[43m[30mlen[39m[49m(x) for x in ppl]
         63 LOAD_NAME            ppl_len = [len([43m[30mx[39m[49m) for x in ppl]
         66 CALL_FUNCTION        ppl_len = [[43m[30mlen(x)[39m[49m for x in ppl]
         69 LIST_APPEND          ppl_len = [[43m[30mlen(x)[39m[49m for x in ppl]
         72 JUMP_ABSOLUTE        ppl_len = [[43m[30mlen(x)[39m[49m for x in ppl]
    >>   75 STORE_NAME           [43m[30mppl_len[39m[49m = [len(x) for x in ppl]
         78 LOAD_CONST           [43m[30mppl_len[39m[49m = [len(x) for x in ppl]
         81 RETURN_VALUE         [43m[30mppl_len[39m[49m = [len(x) for x in ppl]
