Disassembling top-level module in ./opt-v3-tests/list_dict_test.txt
  1       0 BUILD_MAP            x = [43m[30m{[39m[49m}
          3 STORE_NAME           [43m[30mx[39m[49m = {}

  2       6 LOAD_CONST           l = [[43m[30m'hello'[39m[49m, "world", 'goodbye']
          9 LOAD_CONST           l = ['hello', [43m[30m"world"[39m[49m, 'goodbye']
         12 LOAD_CONST           l = ['hello', "world", [43m[30m'goodbye'[39m[49m]
         15 BUILD_LIST           l = ['hello', "world", [43m[30m'goodbye'[39m[49m]
         18 STORE_NAME           [43m[30ml[39m[49m = ['hello', "world", 'goodbye']

  3      21 SETUP_LOOP           [43m[30mfor[39m[49m (i, e) in enumerate(l):
         24 LOAD_NAME            for (i, e) in [43m[30menumerate[39m[49m(l):
         27 LOAD_NAME            for (i, e) in enumerate([43m[30ml[39m[49m):
         30 CALL_FUNCTION        for (i, e) in enumerate([43m[30ml[39m[49m):
         33 GET_ITER             for (i, e) in enumerate([43m[30ml[39m[49m):
    >>   34 FOR_ITER             for (i, e) in enumerate([43m[30ml[39m[49m):
         37 UNPACK_SEQUENCE      for ([43m[30mi[39m[49m, e) in enumerate(l):
         40 STORE_NAME           for ([43m[30mi[39m[49m, e) in enumerate(l):
         43 STORE_NAME           for (i, [43m[30me[39m[49m) in enumerate(l):

  4      46 LOAD_NAME                x[e] = [43m[30mi[39m[49m
         49 LOAD_NAME                [43m[30mx[39m[49m[e] = i
         52 LOAD_NAME                x[[43m[30me[39m[49m] = i
         55 STORE_SUBSCR             [43m[30mx[e][39m[49m = i
         56 JUMP_ABSOLUTE            x[[43m[30me[39m[49m] = i
    >>   59 POP_BLOCK                x[[43m[30me[39m[49m] = i

  5 >>   60 LOAD_NAME            print([43m[30mx[39m[49m)
         63 PRINT_ITEM           print([43m[30mx[39m[49m)
         64 PRINT_NEWLINE        print([43m[30mx[39m[49m)
         65 LOAD_CONST           print([43m[30mx[39m[49m)
         68 RETURN_VALUE         print([43m[30mx[39m[49m)
