Disassembling top-level module in ./opt-v3-tests/list_test.txt
  1       0 LOAD_CONST           x = [[43m[30m1[39m[49m, 2, "hello", (3, 4)]
          3 LOAD_CONST           x = [1, [43m[30m2[39m[49m, "hello", (3, 4)]
          6 LOAD_CONST           x = [1, 2, [43m[30m"hello"[39m[49m, (3, 4)]
          9 LOAD_CONST           x = [1, 2, "hello", ([43m[30m3[39m[49m, 4)]
         12 LOAD_CONST           x = [1, 2, "hello", (3, [43m[30m4[39m[49m)]
         15 BUILD_TUPLE          x = [1, 2, "hello", (3, [43m[30m4[39m[49m)]
         18 BUILD_LIST           x = [1, 2, "hello", (3, [43m[30m4[39m[49m)]
         21 STORE_NAME           [43m[30mx[39m[49m = [1, 2, "hello", (3, 4)]
         24 LOAD_CONST           [43m[30mx[39m[49m = [1, 2, "hello", (3, 4)]
         27 RETURN_VALUE         [43m[30mx[39m[49m = [1, 2, "hello", (3, 4)]
