Disassembling top-level module in ./opt-v3-tests/nested-class-test.txt
  1       0 LOAD_CONST           [43m[30mclass[39m[49m A:
          3 BUILD_TUPLE          [43m[30mclass[39m[49m A:
          6 LOAD_CONST           [43m[30mclass[39m[49m A:
          9 MAKE_FUNCTION        [43m[30mclass[39m[49m A:
         12 CALL_FUNCTION        [43m[30mclass[39m[49m A:
         15 BUILD_CLASS          [43m[30mclass[39m[49m A:
         16 STORE_NAME           [43m[30mclass[39m[49m A:

  8      19 LOAD_NAME            a = [43m[30mA[39m[49m()
         22 CALL_FUNCTION        a = [43m[30mA[39m[49m()
         25 STORE_NAME           [43m[30ma[39m[49m = A()

  9      28 LOAD_NAME            b = [43m[30ma[39m[49m.B()
         31 LOAD_ATTR            b = a[43m[30m.B[39m[49m()
         34 CALL_FUNCTION        b = a[43m[30m.B[39m[49m()
         37 STORE_NAME           [43m[30mb[39m[49m = a.B()

 10      40 LOAD_NAME            c = [43m[30mb[39m[49m.C()
         43 LOAD_ATTR            c = b[43m[30m.C[39m[49m()
         46 CALL_FUNCTION        c = b[43m[30m.C[39m[49m()
         49 STORE_NAME           [43m[30mc[39m[49m = b.C()
         52 LOAD_CONST           [43m[30mc[39m[49m = b.C()
         55 RETURN_VALUE         [43m[30mc[39m[49m = b.C()

Disassembling function A
