Disassembling top-level module in ./opt-v3-tests/newstyle_class.txt
  1       0 LOAD_CONST           [43m[30mclass[39m[49m A(object):
          3 LOAD_NAME            class A([43m[30mobject[39m[49m):
          6 BUILD_TUPLE          class A([43m[30mobject[39m[49m):
          9 LOAD_CONST           class A([43m[30mobject[39m[49m):
         12 MAKE_FUNCTION        class A([43m[30mobject[39m[49m):
         15 CALL_FUNCTION        class A([43m[30mobject[39m[49m):
         18 BUILD_CLASS          class A([43m[30mobject[39m[49m):
         19 STORE_NAME           class A([43m[30mobject[39m[49m):

  9      22 LOAD_NAME            a = [43m[30mA[39m[49m()
         25 CALL_FUNCTION        a = [43m[30mA[39m[49m()
         28 STORE_NAME           [43m[30ma[39m[49m = A()

 11      31 LOAD_NAME            [43m[30ma[39m[49m.x()
         34 LOAD_ATTR            [43m[30ma.x[39m[49m()
         37 CALL_FUNCTION        [43m[30ma.x[39m[49m()
         40 POP_TOP              [43m[30ma.x[39m[49m()

 13      41 LOAD_NAME            print([43m[30ma[39m[49m.bla)
         44 LOAD_ATTR            print([43m[30ma.bla[39m[49m)
         47 PRINT_ITEM           print([43m[30ma.bla[39m[49m)
         48 PRINT_NEWLINE        print([43m[30ma.bla[39m[49m)

 14      49 LOAD_NAME            print([43m[30mA[39m[49m.bla)
         52 LOAD_ATTR            print([43m[30mA.bla[39m[49m)
         55 PRINT_ITEM           print([43m[30mA.bla[39m[49m)
         56 PRINT_NEWLINE        print([43m[30mA.bla[39m[49m)
         57 LOAD_CONST           print([43m[30mA.bla[39m[49m)
         60 RETURN_VALUE         print([43m[30mA.bla[39m[49m)

Disassembling function A
  1       0 LOAD_NAME            [43m[30mclass[39m[49m A(object):
          3 STORE_NAME           [43m[30mclass[39m[49m A(object):

  2       6 LOAD_CONST             bla = [43m[30m"A"[39m[49m
          9 STORE_NAME             [43m[30mbla[39m[49m = "A"

  3      12 LOAD_CONST             [43m[30mdef[39m[49m __init__(self):
         15 MAKE_FUNCTION          [43m[30mdef[39m[49m __init__(self):
         18 STORE_NAME             [43m[30mdef[39m[49m __init__(self):

  6      21 LOAD_CONST             [43m[30mdef[39m[49m x(self):
         24 MAKE_FUNCTION          [43m[30mdef[39m[49m x(self):
         27 STORE_NAME             [43m[30mdef[39m[49m x(self):
         30 LOAD_LOCALS            [43m[30mdef[39m[49m x(self):
         31 RETURN_VALUE           [43m[30mdef[39m[49m x(self):

Disassembling function __init__
  4       0 LOAD_CONST               self.blb = [43m[30m"B"[39m[49m
          3 LOAD_FAST                [43m[30mself[39m[49m.blb = "B"
          6 STORE_ATTR               [43m[30mself.blb[39m[49m = "B"
          9 LOAD_CONST               [43m[30mself.blb[39m[49m = "B"
         12 RETURN_VALUE             [43m[30mself.blb[39m[49m = "B"

Disassembling function x
  7       0 LOAD_FAST                self.bla = [43m[30mself[39m[49m.blb
          3 LOAD_ATTR                self.bla = [43m[30mself.blb[39m[49m
          6 LOAD_FAST                [43m[30mself[39m[49m.bla = self.blb
          9 STORE_ATTR               [43m[30mself.bla[39m[49m = self.blb
         12 LOAD_CONST               [43m[30mself.bla[39m[49m = self.blb
         15 RETURN_VALUE             [43m[30mself.bla[39m[49m = self.blb
