Disassembling top-level module in ./opt-v3-tests/oop_2.txt
  5       0 LOAD_CONST           [43m[30mclass[39m[49m Staff601:
          3 BUILD_TUPLE          [43m[30mclass[39m[49m Staff601:
          6 LOAD_CONST           [43m[30mclass[39m[49m Staff601:
          9 MAKE_FUNCTION        [43m[30mclass[39m[49m Staff601:
         12 CALL_FUNCTION        [43m[30mclass[39m[49m Staff601:
         15 BUILD_CLASS          [43m[30mclass[39m[49m Staff601:
         16 STORE_NAME           [43m[30mclass[39m[49m Staff601:

 19      19 LOAD_NAME            pat = [43m[30mStaff601[39m[49m('Pat', 'Professor', 60, 100000)
         22 LOAD_CONST           pat = Staff601([43m[30m'Pat'[39m[49m, 'Professor', 60, 100000)
         25 LOAD_CONST           pat = Staff601('Pat', [43m[30m'Professor'[39m[49m, 60, 100000)
         28 LOAD_CONST           pat = Staff601('Pat', 'Professor', [43m[30m60[39m[49m, 100000)
         31 LOAD_CONST           pat = Staff601('Pat', 'Professor', 60, [43m[30m100000[39m[49m)
         34 CALL_FUNCTION        pat = [43m[30mStaff601('Pat', 'Professor', 60, 100000)[39m[49m
         37 STORE_NAME           [43m[30mpat[39m[49m = Staff601('Pat', 'Professor', 60, 100000)

 20      40 LOAD_NAME            print([43m[30mpat[39m[49m.salutation())
         43 LOAD_ATTR            print([43m[30mpat.salutation[39m[49m())
         46 CALL_FUNCTION        print([43m[30mpat.salutation()[39m[49m)
         49 PRINT_ITEM           print([43m[30mpat.salutation()[39m[49m)
         50 PRINT_NEWLINE        print([43m[30mpat.salutation()[39m[49m)
         51 LOAD_CONST           print([43m[30mpat.salutation()[39m[49m)
         54 RETURN_VALUE         print([43m[30mpat.salutation()[39m[49m)

Disassembling function Staff601
  5       0 LOAD_NAME            [43m[30mclass[39m[49m Staff601:
WARNING! (5, 0, 0) already in bytecode_map
          3 STORE_NAME           [43m[30mclass[39m[49m Staff601:
WARNING! (5, 0, 3) already in bytecode_map

  6       6 LOAD_CONST               course = [43m[30m'6.01'[39m[49m
          9 STORE_NAME               [43m[30mcourse[39m[49m = '6.01'

  7      12 LOAD_CONST               building = [43m[30m34[39m[49m
         15 STORE_NAME               [43m[30mbuilding[39m[49m = 34

  8      18 LOAD_CONST               room = [43m[30m501[39m[49m
         21 STORE_NAME               [43m[30mroom[39m[49m = 501

 10      24 LOAD_CONST               [43m[30mdef[39m[49m __init__(self, name, role, years, salary):
         27 MAKE_FUNCTION            [43m[30mdef[39m[49m __init__(self, name, role, years, salary):
         30 STORE_NAME               [43m[30mdef[39m[49m __init__(self, name, role, years, salary):

 16      33 LOAD_CONST               [43m[30mdef[39m[49m salutation(self):
         36 MAKE_FUNCTION            [43m[30mdef[39m[49m salutation(self):
         39 STORE_NAME               [43m[30mdef[39m[49m salutation(self):
         42 LOAD_LOCALS              [43m[30mdef[39m[49m salutation(self):
         43 RETURN_VALUE             [43m[30mdef[39m[49m salutation(self):

Disassembling function __init__
 11       0 LOAD_FAST                  self.name = [43m[30mname[39m[49m
          3 LOAD_FAST                  [43m[30mself[39m[49m.name = name
          6 STORE_ATTR                 [43m[30mself.name[39m[49m = name

 12       9 LOAD_FAST                  self.role = [43m[30mrole[39m[49m
         12 LOAD_FAST                  [43m[30mself[39m[49m.role = role
         15 STORE_ATTR                 [43m[30mself.role[39m[49m = role

 13      18 LOAD_FAST                  self.age = [43m[30myears[39m[49m
         21 LOAD_FAST                  [43m[30mself[39m[49m.age = years
         24 STORE_ATTR                 [43m[30mself.age[39m[49m = years

 14      27 LOAD_FAST                  self.salary = [43m[30msalary[39m[49m
         30 LOAD_FAST                  [43m[30mself[39m[49m.salary = salary
         33 STORE_ATTR                 [43m[30mself.salary[39m[49m = salary
         36 LOAD_CONST                 [43m[30mself.salary[39m[49m = salary
         39 RETURN_VALUE               [43m[30mself.salary[39m[49m = salary

Disassembling function salutation
 17       0 LOAD_FAST                    return [43m[30mself[39m[49m.role + ' ' + self.name
          3 LOAD_ATTR                    return [43m[30mself.role[39m[49m + ' ' + self.name
          6 LOAD_CONST                   return self.role + [43m[30m' '[39m[49m + self.name
          9 BINARY_ADD                   return [43m[30mself.role + ' '[39m[49m + self.name
         10 LOAD_FAST                    return self.role + ' ' + [43m[30mself[39m[49m.name
         13 LOAD_ATTR                    return self.role + ' ' + [43m[30mself.name[39m[49m
         16 BINARY_ADD                   return [43m[30mself.role + ' ' + self.name[39m[49m
         17 RETURN_VALUE                 return [43m[30mself.role + ' ' + self.name[39m[49m
