Disassembling top-level module in ./opt-v3-tests/oop_1.txt
  5       0 LOAD_CONST           [43m[30mclass[39m[49m Staff601:
          3 BUILD_TUPLE          [43m[30mclass[39m[49m Staff601:
          6 LOAD_CONST           [43m[30mclass[39m[49m Staff601:
          9 MAKE_FUNCTION        [43m[30mclass[39m[49m Staff601:
         12 CALL_FUNCTION        [43m[30mclass[39m[49m Staff601:
         15 BUILD_CLASS          [43m[30mclass[39m[49m Staff601:
         16 STORE_NAME           [43m[30mclass[39m[49m Staff601:

 13      19 LOAD_NAME            pat = [43m[30mStaff601[39m[49m()
         22 CALL_FUNCTION        pat = [43m[30mStaff601[39m[49m()
         25 STORE_NAME           [43m[30mpat[39m[49m = Staff601()

 14      28 LOAD_NAME            print([43m[30mpat[39m[49m.course)
         31 LOAD_ATTR            print([43m[30mpat.course[39m[49m)
         34 PRINT_ITEM           print([43m[30mpat.course[39m[49m)
         35 PRINT_NEWLINE        print([43m[30mpat.course[39m[49m)

 16      36 LOAD_CONST           pat.name = [43m[30m'Pat'[39m[49m
         39 LOAD_NAME            [43m[30mpat[39m[49m.name = 'Pat'
         42 STORE_ATTR           [43m[30mpat.name[39m[49m = 'Pat'

 17      45 LOAD_CONST           pat.age = [43m[30m60[39m[49m
         48 LOAD_NAME            [43m[30mpat[39m[49m.age = 60
         51 STORE_ATTR           [43m[30mpat.age[39m[49m = 60

 18      54 LOAD_CONST           pat.role = [43m[30m'Professor'[39m[49m
         57 LOAD_NAME            [43m[30mpat[39m[49m.role = 'Professor'
         60 STORE_ATTR           [43m[30mpat.role[39m[49m = 'Professor'

 20      63 LOAD_NAME            print([43m[30mpat[39m[49m.building)
         66 LOAD_ATTR            print([43m[30mpat.building[39m[49m)
         69 PRINT_ITEM           print([43m[30mpat.building[39m[49m)
         70 PRINT_NEWLINE        print([43m[30mpat.building[39m[49m)

 21      71 LOAD_CONST           pat.building = [43m[30m32[39m[49m
         74 LOAD_NAME            [43m[30mpat[39m[49m.building = 32
         77 STORE_ATTR           [43m[30mpat.building[39m[49m = 32

 22      80 LOAD_NAME            print([43m[30mpat[39m[49m.building)
         83 LOAD_ATTR            print([43m[30mpat.building[39m[49m)
         86 PRINT_ITEM           print([43m[30mpat.building[39m[49m)
         87 PRINT_NEWLINE        print([43m[30mpat.building[39m[49m)

 24      88 LOAD_NAME            print([43m[30mpat[39m[49m.salutation())
         91 LOAD_ATTR            print([43m[30mpat.salutation[39m[49m())
         94 CALL_FUNCTION        print([43m[30mpat.salutation[39m[49m())
         97 PRINT_ITEM           print([43m[30mpat.salutation[39m[49m())
         98 PRINT_NEWLINE        print([43m[30mpat.salutation[39m[49m())

 25      99 LOAD_NAME            print([43m[30mStaff601[39m[49m.salutation(pat))
        102 LOAD_ATTR            print([43m[30mStaff601.salutation[39m[49m(pat))
        105 LOAD_NAME            print(Staff601.salutation([43m[30mpat[39m[49m))
        108 CALL_FUNCTION        print([43m[30mStaff601.salutation(pat)[39m[49m)
        111 PRINT_ITEM           print([43m[30mStaff601.salutation(pat)[39m[49m)
        112 PRINT_NEWLINE        print([43m[30mStaff601.salutation(pat)[39m[49m)
        113 LOAD_CONST           print([43m[30mStaff601.salutation(pat)[39m[49m)
        116 RETURN_VALUE         print([43m[30mStaff601.salutation(pat)[39m[49m)

Disassembling function Staff601
  5       0 LOAD_NAME            [43m[30mclass[39m[49m Staff601:
          3 STORE_NAME           [43m[30mclass[39m[49m Staff601:

  6       6 LOAD_CONST               course = [43m[30m'6.01'[39m[49m
          9 STORE_NAME               [43m[30mcourse[39m[49m = '6.01'

  7      12 LOAD_CONST               building = [43m[30m34[39m[49m
         15 STORE_NAME               [43m[30mbuilding[39m[49m = 34

  8      18 LOAD_CONST               room = [43m[30m501[39m[49m
         21 STORE_NAME               [43m[30mroom[39m[49m = 501

 10      24 LOAD_CONST               [43m[30mdef[39m[49m salutation(self):
         27 MAKE_FUNCTION            [43m[30mdef[39m[49m salutation(self):
         30 STORE_NAME               [43m[30mdef[39m[49m salutation(self):
         33 LOAD_LOCALS              [43m[30mdef[39m[49m salutation(self):
         34 RETURN_VALUE             [43m[30mdef[39m[49m salutation(self):

Disassembling function salutation
 11       0 LOAD_FAST                    return [43m[30mself[39m[49m.role + ' ' + self.name
          3 LOAD_ATTR                    return [43m[30mself.role[39m[49m + ' ' + self.name
          6 LOAD_CONST                   return self.role + [43m[30m' '[39m[49m + self.name
          9 BINARY_ADD                   return [43m[30mself.role + ' '[39m[49m + self.name
         10 LOAD_FAST                    return self.role + ' ' + [43m[30mself[39m[49m.name
         13 LOAD_ATTR                    return self.role + ' ' + [43m[30mself.name[39m[49m
         16 BINARY_ADD                   return [43m[30mself.role + ' ' + self.name[39m[49m
         17 RETURN_VALUE                 return [43m[30mself.role + ' ' + self.name[39m[49m
