Disassembling top-level module in ./opt-v3-tests/parent-finding-2.txt
  2       0 LOAD_CONST           [43m[30mdef[39m[49m horse(mask):
          3 MAKE_FUNCTION        [43m[30mdef[39m[49m horse(mask):
          6 STORE_NAME           [43m[30mdef[39m[49m horse(mask):

  8       9 LOAD_CONST           mask = [43m[30mlambda[39m[49m horse: horse(2)
         12 MAKE_FUNCTION        mask = [43m[30mlambda[39m[49m horse: horse(2)
         15 STORE_NAME           [43m[30mmask[39m[49m = lambda horse: horse(2)

 10      18 LOAD_NAME            [43m[30mhorse[39m[49m(mask)
         21 LOAD_NAME            horse([43m[30mmask[39m[49m)
         24 CALL_FUNCTION        [43m[30mhorse(mask)[39m[49m
         27 POP_TOP              [43m[30mhorse(mask)[39m[49m
         28 LOAD_CONST           [43m[30mhorse(mask)[39m[49m
         31 RETURN_VALUE         [43m[30mhorse(mask)[39m[49m

Disassembling function <lambda>
  8       0 LOAD_FAST            mask = lambda horse: [43m[30mhorse[39m[49m(2)
          3 LOAD_CONST           mask = lambda horse: horse([43m[30m2[39m[49m)
          6 CALL_FUNCTION        mask = lambda horse: [43m[30mhorse(2)[39m[49m
          9 RETURN_VALUE         mask = lambda horse: [43m[30mhorse(2)[39m[49m

Disassembling function horse
  3       0 LOAD_FAST                horse = [43m[30mmask[39m[49m
          3 STORE_FAST               [43m[30mhorse[39m[49m = mask

  4       6 LOAD_CONST               [43m[30mdef[39m[49m mask(horse):
          9 MAKE_FUNCTION            [43m[30mdef[39m[49m mask(horse):
         12 STORE_FAST               [43m[30mdef[39m[49m mask(horse):

  6      15 LOAD_FAST                return [43m[30mhorse[39m[49m(mask)
         18 LOAD_FAST                return horse([43m[30mmask[39m[49m)
         21 CALL_FUNCTION            return [43m[30mhorse(mask)[39m[49m
         24 RETURN_VALUE             return [43m[30mhorse(mask)[39m[49m

Disassembling function mask
  5       0 LOAD_FAST                    return [43m[30mhorse[39m[49m
          3 RETURN_VALUE                 return [43m[30mhorse[39m[49m
