Disassembling top-level module in ./opt-v3-tests/pie-test.txt
  1       0 LOAD_CONST           [43m[30mimport[39m[49m operator
          3 LOAD_CONST           [43m[30mimport[39m[49m operator
          6 IMPORT_NAME          [43m[30mimport[39m[49m operator
          9 STORE_NAME           [43m[30mimport[39m[49m operator

  2      12 LOAD_CONST           [43m[30mfrom[39m[49m math import pi, e
         15 LOAD_CONST           [43m[30mfrom[39m[49m math import pi, e
         18 IMPORT_NAME          [43m[30mfrom[39m[49m math import pi, e
         21 IMPORT_FROM          [43m[30mfrom[39m[49m math import pi, e
         24 STORE_NAME           [43m[30mfrom[39m[49m math import pi, e
         27 IMPORT_FROM          [43m[30mfrom[39m[49m math import pi, e
         30 STORE_NAME           [43m[30mfrom[39m[49m math import pi, e
         33 POP_TOP              [43m[30mfrom[39m[49m math import pi, e

  3      34 LOAD_NAME            pie = [43m[30moperator[39m[49m.add(pi, e)
         37 LOAD_ATTR            pie = [43m[30moperator.add[39m[49m(pi, e)
         40 LOAD_NAME            pie = operator.add([43m[30mpi[39m[49m, e)
         43 LOAD_NAME            pie = operator.add(pi, [43m[30me[39m[49m)
         46 CALL_FUNCTION        pie = [43m[30moperator.add(pi, e)[39m[49m
         49 STORE_NAME           [43m[30mpie[39m[49m = operator.add(pi, e)
         52 LOAD_CONST           [43m[30mpie[39m[49m = operator.add(pi, e)
         55 RETURN_VALUE         [43m[30mpie[39m[49m = operator.add(pi, e)
