Disassembling top-level module in ./opt-v3-tests/raw_input.txt
  1       0 LOAD_CONST           prefix = [43m[30m"Hello "[39m[49m
          3 STORE_NAME           [43m[30mprefix[39m[49m = "Hello "

  3       6 LOAD_NAME            n1 = [43m[30mraw_input[39m[49m("Enter your name")
          9 LOAD_CONST           n1 = raw_input([43m[30m"Enter your name"[39m[49m)
         12 CALL_FUNCTION        n1 = raw_input([43m[30m"Enter your name"[39m[49m)
         15 STORE_NAME           [43m[30mn1[39m[49m = raw_input("Enter your name")

  5      18 LOAD_NAME            n2 = [43m[30mraw_input[39m[49m("Enter another name")
         21 LOAD_CONST           n2 = raw_input([43m[30m"Enter another name"[39m[49m)
         24 CALL_FUNCTION        n2 = raw_input([43m[30m"Enter another name"[39m[49m)
         27 STORE_NAME           [43m[30mn2[39m[49m = raw_input("Enter another name")

  7      30 LOAD_NAME            res = [43m[30mprefix[39m[49m + n1 + " and " + n2
         33 LOAD_NAME            res = prefix + [43m[30mn1[39m[49m + " and " + n2
         36 BINARY_ADD           res = [43m[30mprefix + n1[39m[49m + " and " + n2
         37 LOAD_CONST           res = prefix + n1 + [43m[30m" and "[39m[49m + n2
         40 BINARY_ADD           res = [43m[30mprefix + n1 + " and "[39m[49m + n2
         41 LOAD_NAME            res = prefix + n1 + " and " + [43m[30mn2[39m[49m
         44 BINARY_ADD           res = [43m[30mprefix + n1 + " and " + n2[39m[49m
         45 STORE_NAME           [43m[30mres[39m[49m = prefix + n1 + " and " + n2

  8      48 LOAD_NAME            print([43m[30mres[39m[49m)
         51 PRINT_ITEM           print([43m[30mres[39m[49m)
         52 PRINT_NEWLINE        print([43m[30mres[39m[49m)
         53 LOAD_CONST           print([43m[30mres[39m[49m)
         56 RETURN_VALUE         print([43m[30mres[39m[49m)
