Disassembling top-level module in ./opt-v3-tests/restaurants.txt
  2       0 LOAD_CONST           [43m[30mfrom[39m[49m collections import namedtuple
          3 LOAD_CONST           [43m[30mfrom[39m[49m collections import namedtuple
          6 IMPORT_NAME          [43m[30mfrom[39m[49m collections import namedtuple
          9 IMPORT_FROM          [43m[30mfrom[39m[49m collections import namedtuple
         12 STORE_NAME           [43m[30mfrom[39m[49m collections import namedtuple
         15 POP_TOP              [43m[30mfrom[39m[49m collections import namedtuple

  4      16 LOAD_NAME            Restaurant = [43m[30mnamedtuple[39m[49m('Restaurant', 'name cuisine phone dish price')
         19 LOAD_CONST           Restaurant = namedtuple([43m[30m'Restaurant'[39m[49m, 'name cuisine phone dish price')
         22 LOAD_CONST           Restaurant = namedtuple('Restaurant', [43m[30m'name cuisine phone dish price'[39m[49m)
         25 CALL_FUNCTION        Restaurant = namedtuple('Restaurant', [43m[30m'name cuisine phone dish price'[39m[49m)
         28 STORE_NAME           [43m[30mRestaurant[39m[49m = namedtuple('Restaurant', 'name cuisine phone dish price')

  6      31 LOAD_NAME            R1 = [43m[30mRestaurant[39m[49m("Taillevent", "French", "343-3434", "Escargots", 24.50)
         34 LOAD_CONST           R1 = Restaurant([43m[30m"Taillevent"[39m[49m, "French", "343-3434", "Escargots", 24.50)
         37 LOAD_CONST           R1 = Restaurant("Taillevent", [43m[30m"French"[39m[49m, "343-3434", "Escargots", 24.50)
         40 LOAD_CONST           R1 = Restaurant("Taillevent", "French", [43m[30m"343-3434"[39m[49m, "Escargots", 24.50)
         43 LOAD_CONST           R1 = Restaurant("Taillevent", "French", "343-3434", [43m[30m"Escargots"[39m[49m, 24.50)
         46 LOAD_CONST           R1 = Restaurant("Taillevent", "French", "343-3434", "Escargots", [43m[30m24.5[39m[49m0)
         49 CALL_FUNCTION        R1 = Restaurant("Taillevent", "French", "343-3434", "Escargots", [43m[30m24.5[39m[49m0)
         52 STORE_NAME           [43m[30mR1[39m[49m = Restaurant("Taillevent", "French", "343-3434", "Escargots", 24.50)

  7      55 LOAD_NAME            R2 = [43m[30mRestaurant[39m[49m("La Tour D'Argent", "French", "343-3344", "Ris de Veau", 48.50)
         58 LOAD_CONST           R2 = Restaurant([43m[30m"La Tour D'Argent"[39m[49m, "French", "343-3344", "Ris de Veau", 48.50)
         61 LOAD_CONST           R2 = Restaurant("La Tour D'Argent", [43m[30m"French"[39m[49m, "343-3344", "Ris de Veau", 48.50)
         64 LOAD_CONST           R2 = Restaurant("La Tour D'Argent", "French", [43m[30m"343-3344"[39m[49m, "Ris de Veau", 48.50)
         67 LOAD_CONST           R2 = Restaurant("La Tour D'Argent", "French", "343-3344", [43m[30m"Ris de Veau"[39m[49m, 48.50)
         70 LOAD_CONST           R2 = Restaurant("La Tour D'Argent", "French", "343-3344", "Ris de Veau", [43m[30m48.5[39m[49m0)
         73 CALL_FUNCTION        R2 = Restaurant("La Tour D'Argent", "French", "343-3344", "Ris de Veau", [43m[30m48.5[39m[49m0)
         76 STORE_NAME           [43m[30mR2[39m[49m = Restaurant("La Tour D'Argent", "French", "343-3344", "Ris de Veau", 48.50)

  8      79 LOAD_NAME            R3 = [43m[30mRestaurant[39m[49m("Pascal", "French", "333-4444", "Bouillabaisse", 32.00)
         82 LOAD_CONST           R3 = Restaurant([43m[30m"Pascal"[39m[49m, "French", "333-4444", "Bouillabaisse", 32.00)
         85 LOAD_CONST           R3 = Restaurant("Pascal", [43m[30m"French"[39m[49m, "333-4444", "Bouillabaisse", 32.00)
         88 LOAD_CONST           R3 = Restaurant("Pascal", "French", [43m[30m"333-4444"[39m[49m, "Bouillabaisse", 32.00)
         91 LOAD_CONST           R3 = Restaurant("Pascal", "French", "333-4444", [43m[30m"Bouillabaisse"[39m[49m, 32.00)
         94 LOAD_CONST           R3 = Restaurant("Pascal", "French", "333-4444", "Bouillabaisse", [43m[30m32.0[39m[49m0)
         97 CALL_FUNCTION        R3 = Restaurant("Pascal", "French", "333-4444", "Bouillabaisse", [43m[30m32.0[39m[49m0)
        100 STORE_NAME           [43m[30mR3[39m[49m = Restaurant("Pascal", "French", "333-4444", "Bouillabaisse", 32.00)

  9     103 LOAD_NAME            R4 = [43m[30mRestaurant[39m[49m("Thai Touch", "Thai", "444-3333", "Mee Krob", 10.95)
        106 LOAD_CONST           R4 = Restaurant([43m[30m"Thai Touch"[39m[49m, "Thai", "444-3333", "Mee Krob", 10.95)
        109 LOAD_CONST           R4 = Restaurant("Thai Touch", [43m[30m"Thai"[39m[49m, "444-3333", "Mee Krob", 10.95)
        112 LOAD_CONST           R4 = Restaurant("Thai Touch", "Thai", [43m[30m"444-3333"[39m[49m, "Mee Krob", 10.95)
        115 LOAD_CONST           R4 = Restaurant("Thai Touch", "Thai", "444-3333", [43m[30m"Mee Krob"[39m[49m, 10.95)
        118 LOAD_CONST           R4 = Restaurant("Thai Touch", "Thai", "444-3333", "Mee Krob", [43m[30m10.95[39m[49m)
        121 CALL_FUNCTION        R4 = Restaurant("Thai Touch", "Thai", "444-3333", "Mee Krob", [43m[30m10.95[39m[49m)
        124 STORE_NAME           [43m[30mR4[39m[49m = Restaurant("Thai Touch", "Thai", "444-3333", "Mee Krob", 10.95)

 10     127 LOAD_NAME            R5 = [43m[30mRestaurant[39m[49m("Thai Dishes", "Thai", "333-4433", "Paht Woon Sen",  8.50)
        130 LOAD_CONST           R5 = Restaurant([43m[30m"Thai Dishes"[39m[49m, "Thai", "333-4433", "Paht Woon Sen",  8.50)
        133 LOAD_CONST           R5 = Restaurant("Thai Dishes", [43m[30m"Thai"[39m[49m, "333-4433", "Paht Woon Sen",  8.50)
        136 LOAD_CONST           R5 = Restaurant("Thai Dishes", "Thai", [43m[30m"333-4433"[39m[49m, "Paht Woon Sen",  8.50)
        139 LOAD_CONST           R5 = Restaurant("Thai Dishes", "Thai", "333-4433", [43m[30m"Paht Woon Sen"[39m[49m,  8.50)
        142 LOAD_CONST           R5 = Restaurant("Thai Dishes", "Thai", "333-4433", "Paht Woon Sen",  [43m[30m8.5[39m[49m0)
        145 CALL_FUNCTION        R5 = Restaurant("Thai Dishes", "Thai", "333-4433", "Paht Woon Sen",  [43m[30m8.5[39m[49m0)
        148 STORE_NAME           [43m[30mR5[39m[49m = Restaurant("Thai Dishes", "Thai", "333-4433", "Paht Woon Sen",  8.50)

 11     151 LOAD_NAME            R6 = [43m[30mRestaurant[39m[49m("Thai Spoon", "Thai", "334-3344", "Mussamun", 9.00)
        154 LOAD_CONST           R6 = Restaurant([43m[30m"Thai Spoon"[39m[49m, "Thai", "334-3344", "Mussamun", 9.00)
        157 LOAD_CONST           R6 = Restaurant("Thai Spoon", [43m[30m"Thai"[39m[49m, "334-3344", "Mussamun", 9.00)
        160 LOAD_CONST           R6 = Restaurant("Thai Spoon", "Thai", [43m[30m"334-3344"[39m[49m, "Mussamun", 9.00)
        163 LOAD_CONST           R6 = Restaurant("Thai Spoon", "Thai", "334-3344", [43m[30m"Mussamun"[39m[49m, 9.00)
        166 LOAD_CONST           R6 = Restaurant("Thai Spoon", "Thai", "334-3344", "Mussamun", [43m[30m9.0[39m[49m0)
        169 CALL_FUNCTION        R6 = Restaurant("Thai Spoon", "Thai", "334-3344", "Mussamun", [43m[30m9.0[39m[49m0)
        172 STORE_NAME           [43m[30mR6[39m[49m = Restaurant("Thai Spoon", "Thai", "334-3344", "Mussamun", 9.00)

 13     175 LOAD_NAME            RL = [[43m[30mR1[39m[49m, R2, R3, R4, R5, R6]
        178 LOAD_NAME            RL = [R1, [43m[30mR2[39m[49m, R3, R4, R5, R6]
        181 LOAD_NAME            RL = [R1, R2, [43m[30mR3[39m[49m, R4, R5, R6]
        184 LOAD_NAME            RL = [R1, R2, R3, [43m[30mR4[39m[49m, R5, R6]
        187 LOAD_NAME            RL = [R1, R2, R3, R4, [43m[30mR5[39m[49m, R6]
        190 LOAD_NAME            RL = [R1, R2, R3, R4, R5, [43m[30mR6[39m[49m]
        193 BUILD_LIST           RL = [R1, R2, R3, R4, R5, [43m[30mR6[39m[49m]
        196 STORE_NAME           [43m[30mRL[39m[49m = [R1, R2, R3, R4, R5, R6]

 15     199 BUILD_LIST           FrenchRestaurants = [[43m[30mr[39m[49m for r in RL if r.cuisine=="French"]
        202 LOAD_NAME            FrenchRestaurants = [r for r in [43m[30mRL[39m[49m if r.cuisine=="French"]
        205 GET_ITER             FrenchRestaurants = [r for r in [43m[30mRL[39m[49m if r.cuisine=="French"]
    >>  206 FOR_ITER             FrenchRestaurants = [r for r in [43m[30mRL[39m[49m if r.cuisine=="French"]
        209 STORE_NAME           FrenchRestaurants = [r for [43m[30mr[39m[49m in RL if r.cuisine=="French"]
        212 LOAD_NAME            FrenchRestaurants = [r for r in RL if [43m[30mr[39m[49m.cuisine=="French"]
        215 LOAD_ATTR            FrenchRestaurants = [r for r in RL if [43m[30mr.cuisine[39m[49m=="French"]
        218 LOAD_CONST           FrenchRestaurants = [r for r in RL if r.cuisine==[43m[30m"French"[39m[49m]
        221 COMPARE_OP           FrenchRestaurants = [r for r in RL if [43m[30mr.cuisine=="French"[39m[49m]
        224 POP_JUMP_IF_FALSE    FrenchRestaurants = [r for r in RL if [43m[30mr.cuisine=="French"[39m[49m]
        227 LOAD_NAME            FrenchRestaurants = [[43m[30mr[39m[49m for r in RL if r.cuisine=="French"]
        230 LIST_APPEND          FrenchRestaurants = [[43m[30mr[39m[49m for r in RL if r.cuisine=="French"]
    >>  233 JUMP_ABSOLUTE        FrenchRestaurants = [[43m[30mr[39m[49m for r in RL if r.cuisine=="French"]
    >>  236 STORE_NAME           [43m[30mFrenchRestaurants[39m[49m = [r for r in RL if r.cuisine=="French"]

 16     239 LOAD_NAME            print([43m[30mFrenchRestaurants[39m[49m)
        242 PRINT_ITEM           print([43m[30mFrenchRestaurants[39m[49m)
        243 PRINT_NEWLINE        print([43m[30mFrenchRestaurants[39m[49m)
        244 LOAD_CONST           print([43m[30mFrenchRestaurants[39m[49m)
        247 RETURN_VALUE         print([43m[30mFrenchRestaurants[39m[49m)
