Disassembling top-level module in ./opt-v3-tests/runtime_error.txt
  1       0 LOAD_CONST           x = [43m[30m5[39m[49m
          3 STORE_NAME           [43m[30mx[39m[49m = 5

  2       6 SETUP_LOOP           [43m[30mfor[39m[49m i in range(10):
          9 LOAD_NAME            for i in [43m[30mrange[39m[49m(10):
         12 LOAD_CONST           for i in range([43m[30m10[39m[49m):
         15 CALL_FUNCTION        for i in [43m[30mrange(10)[39m[49m:
         18 GET_ITER             for i in [43m[30mrange(10)[39m[49m:
    >>   19 FOR_ITER             for i in [43m[30mrange(10)[39m[49m:
         22 STORE_NAME           for [43m[30mi[39m[49m in range(10):

  3      25 LOAD_NAME              if [43m[30mi[39m[49m == x:
         28 LOAD_NAME              if i == [43m[30mx[39m[49m:
         31 COMPARE_OP             if [43m[30mi == x[39m[49m:
         34 POP_JUMP_IF_FALSE      if [43m[30mi == x[39m[49m:

  4      37 LOAD_NAME                z = [43m[30mx[39m[49m + y # ERROR!
         40 LOAD_NAME                z = x + [43m[30my[39m[49m # ERROR!
         43 BINARY_ADD               z = [43m[30mx + y[39m[49m # ERROR!
         44 STORE_NAME               [43m[30mz[39m[49m = x + y # ERROR!
         47 JUMP_FORWARD             [43m[30mz[39m[49m = x + y # ERROR!

  6 >>   50 LOAD_NAME                z = [43m[30mi[39m[49m
         53 STORE_NAME               [43m[30mz[39m[49m = i

  7 >>   56 LOAD_NAME              print([43m[30mz[39m[49m)
         59 PRINT_ITEM             print([43m[30mz[39m[49m)
         60 PRINT_NEWLINE          print([43m[30mz[39m[49m)
         61 JUMP_ABSOLUTE          print([43m[30mz[39m[49m)
    >>   64 POP_BLOCK              print([43m[30mz[39m[49m)
    >>   65 LOAD_CONST             print([43m[30mz[39m[49m)
         68 RETURN_VALUE           print([43m[30mz[39m[49m)
