Disassembling top-level module in ./opt-v3-tests/tuple_test.txt
  1       0 LOAD_CONST           x = ([43m[30m1[39m[49m, 2, 3)
          3 LOAD_CONST           x = (1, [43m[30m2[39m[49m, 3)
          6 LOAD_CONST           x = (1, 2, [43m[30m3[39m[49m)
          9 BUILD_TUPLE          x = (1, 2, [43m[30m3[39m[49m)
         12 STORE_NAME           [43m[30mx[39m[49m = (1, 2, 3)

  2      15 LOAD_CONST           y = ([43m[30m4[39m[49m,)
         18 BUILD_TUPLE          y = ([43m[30m4,[39m[49m)
         21 STORE_NAME           [43m[30my[39m[49m = (4,)
         24 LOAD_CONST           [43m[30my[39m[49m = (4,)
         27 RETURN_VALUE         [43m[30my[39m[49m = (4,)
